// Jest Snapshot v1, https://goo.gl/fbAQLP

exports[`Anonymous component matches snapshot 1`] = `
<DocumentFragment>
  <main
    __self="[object Object]"
    __source="[object Object]"
    class="stack anonymous-container"
  >
    <header
      __self="[object Object]"
      __source="[object Object]"
    >
      <span
        __self="[object Object]"
        __source="[object Object]"
        class="logo"
      >
        Hyödyntämätön
      </span>
    </header>
    <span
      __self="[object Object]"
      __source="[object Object]"
    >
      Simple app built on top of Untappd and Foursquare APIs.
    </span>
    <span
      __self="[object Object]"
      __source="[object Object]"
    >
      Work in progress.
    </span>
    <button
      __self="[object Object]"
      __source="[object Object]"
      class="btn"
    >
      Log in with your Untappd account
    </button>
  </main>
</DocumentFragment>
`;
