// Jest Snapshot v1, https://goo.gl/fbAQLP

exports[`MainMenu component matches snapshot 1`] = `
<DocumentFragment>
  <button
    class="btn"
  >
    Pubs Nearby
  </button>
  <button
    class="btn"
  >
    Account
  </button>
  <button
    class="btn"
  >
    About
  </button>
</DocumentFragment>
`;
