// Jest Snapshot v1, https://goo.gl/fbAQLP

exports[`VenueDetails component matches snapshot 1`] = `
<DocumentFragment>
  <div
    class="gmap-container"
  />
  <div
    class="venue-details"
  >
    <h2
      class="venue-name"
    >
      Dummy Name
      <span
        class="venue-category"
      >
        Beer Bar
      </span>
    </h2>
    <section
      class="checkins"
      style="max-height: -100px;"
    >
      <header>
        Latest feed:
      </header>
      0
    </section>
  </div>
</DocumentFragment>
`;
