// Jest Snapshot v1, https://goo.gl/fbAQLP

exports[`VenueDetails component matches snapshot 1`] = `
<DocumentFragment>
  <h2>
    <a
      href="http://example.com"
    >
      Dummy Name
    </a>
  </h2>
  <ul>
    <li>
      Beer Bar
    </li>
  </ul>
  <section
    class="checkins"
  >
    <header
      class="checkins-header"
    >
      Last Checkins
    </header>
    0
  </section>
</DocumentFragment>
`;
