// Jest Snapshot v1, https://goo.gl/fbAQLP

exports[`VenueDetails component matches snapshot 1`] = `
<DocumentFragment>
  <div
    __self="[object Object]"
    __source="[object Object]"
    id="__next"
  >
    <div
      __self="[object Object]"
      __source="[object Object]"
      class="gmap-container"
    />
    <div
      __self="[object Object]"
      __source="[object Object]"
      class="venue-details"
    >
      <h2
        __self="[object Object]"
        __source="[object Object]"
        class="venue-name"
      >
        Dummy Name
        <span
          __self="[object Object]"
          __source="[object Object]"
          class="venue-category"
        >
          Beer Bar
        </span>
      </h2>
      <section
        __self="[object Object]"
        __source="[object Object]"
        class="venue-details-checkins"
        style="max-height: -115px;"
      >
        <header
          __self="[object Object]"
          __source="[object Object]"
        >
          Latest feed:
        </header>
        <ol
          __self="[object Object]"
          __source="[object Object]"
        />
        <div
          __self="[object Object]"
          __source="[object Object]"
          class="checkins-bottom-drawer"
        >
          0
        </div>
      </section>
    </div>
  </div>
</DocumentFragment>
`;
